@addresses_from "00050000-10101D00" // US v1.3.0 (v64)

// If your mod uses symbols that aren't in RedCore, you can add them here.

_ZN2Bg9sInstanceE = 0x101dab94;
_ZN2Bg14registerFlowerEfffhhh = 0x0268b96c;
_ZN2Bg17registerButterflyEfffhhh = 0x02685914;
_ZN2Bg12updateFlowerEffhb = 0x0268b974;
_ZN15TextureRenderer11loadTextureERKN4sead14SafeStringBaseIcEES4_PN3agl11TextureDataERPN2nw3g3d3res7ResFileEPNS5_14TextureSamplerE = 0x02500388;
_ZN12TexQuadGrass6createEPN3agl11TextureDataES2_S2_S2_S2_S2_S2_S2_S2_S2_ji = 0x02503abc;
_ZN3agl11TextureDataC1Ev = 0x02a249a0;
_ZN6ResMgr14loadArchiveResERKN4sead14SafeStringBaseIcEES4_PNS0_4HeapEb = 0x029d34a8;
_ZN2Bg18getNextFlowerIndexEv = 0x0268b8e4;
_ZN2Bg12deleteFlowerEh = 0x0268b908;
_ZN21ActorBgCollisionCheck7checkBgEv = 0x0218d954;
_ZN21ActorBgCollisionCheck12atFrameStartEv = 0x0218e180;
_ZN14ActorCollision14calcFallSpeed_Ev = 0x020039f0;
_ZN8RotShake4initERKNS_3ArgE = 0x029e2ce8;
_ZN8RotShake4moveEv = 0x029e2d34;
_ZN12FlowerTexMgr10initializeEv = 0x0268a038;

_ZN12FlowerTexMgr21updateGrassAndFlowersEb = 0x02686428;

_ZN5Actor11calcSpeedX_Ev = 0x020013e8;

_ZN15AttentionLookatC1E13ActorUniqueID = 0x0200ca58;
_ZN12AttentionMgr9sInstanceE = 0x101c30e8;
_ZN15AttentionLookatD1Ev = 0x0200cb10;
_ZN12AttentionMgr5entryERK15AttentionLookat = 0x0200cc8c;
_ZN12AttentionMgr7releaseERK15AttentionLookat = 0x0200ccd0;
_ZN5Quake9sInstanceE = 0x101d1660;

_ZN12PlayerObject15setClampFaceRotEv = 0x0292596c;

_ZN4sead11BitFlagUtil10countOnBitEj = 0x02a0ef58;

_ZN2nw3snd11SoundHandle11DetachSoundEv = 0x02addfac;
_ZN11SndObjctPly18startPlyVoiceSoundE13PlayerVoiceIDN2nw3snd10OutputLineE = 0x029bf7fc;
_ZN11SndObjctPly10startSoundEPKcN2nw3snd10OutputLineE = 0x029BF2D4;
_ZN11NMSndObjectC2EN15NMSndObjectBase7ObjTypeEN2nw3snd10OutputLineE = 0x029bc52c;
_ZN15NMSndObjectBaseD1Ev = 0x029bbbd8;
_ZTV11NMSndObject = 0x1017dd7c;
_ZTV11SndObjctPly = 0x10161c44;

_ZN16EffectCreateUtil18createPlayerEffectEiiPKN4sead7Vector3IfEEPK6Angle3S4_ = 0x022ab158;

_ZN5LightC1Ev = 0x024E24BC;
_ZN5LightD1Ev = 0x024E2580;
_ZN5Light6updateE9LightTypePN4sead7Vector3IfEEPjPfS6_PNS1_7Color4fES6_S6_ = 0x024E26BC;

_ZN12PlayerObject12getRideYoshiEv = 0x0295A6F8;

_ZN5Angle13chaseConstantERKS_S1_ = 0x029E1188;